Welcome to the MySQL monitor.  Commands end with ; or \g.
Your MySQL connection id is 1
Server version: 5.1.61 Source distribution

Copyright (c) 2000, 2011, Oracle and/or its affiliates. All rights reserved.

Oracle is a registered trademark of Oracle Corporation and/or its
affiliates. Other names may be trademarks of their respective
owners.

Type 'help;' or '\h' for help. Type '\c' to clear the current input statement.

mysql> SELECT SUM(Data_length+index_length)/1048576 as Total, SUM(data_length)/1048576 as DATA_MB, SUM(index_length)/1048576 as INDEX_MB FROM Information_Schema.Tables
    -> ;
+--------+---------+----------+
| Total  | DATA_MB | INDEX_MB |
+--------+---------+----------+
| 0.6301 |  0.5344 |   0.0957 |
+--------+---------+----------+
1 row in set (0.13 sec)

mysql> mysql -u root -p > sakila-schema.sql
    -> ;
ERROR 1064 (42000): You have an error in your SQL syntax; check the manual that corresponds to your MySQL server version for the right syntax to use near 'mysql -u root -p > sakila-schema.sql' at line 1
mysql> mysql -u root -p < sakila-schema.sql;
ERROR 1064 (42000): You have an error in your SQL syntax; check the manual that corresponds to your MySQL server version for the right syntax to use near 'mysql -u root -p < sakila-schema.sql' at line 1
mysql> mysql -u root -p < sakila-schema.sql;
ERROR 1064 (42000): You have an error in your SQL syntax; check the manual that corresponds to your MySQL server version for the right syntax to use near 'mysql -u root -p < sakila-schema.sql' at line 1
mysql> exit
