Welcome to the MySQL monitor.  Commands end with ; or \g.
Your MySQL connection id is 1
Server version: 5.1.61 Source distribution

Copyright (c) 2000, 2011, Oracle and/or its affiliates. All rights reserved.

Oracle is a registered trademark of Oracle Corporation and/or its
affiliates. Other names may be trademarks of their respective
owners.

Type 'help;' or '\h' for help. Type '\c' to clear the current input statement.

mysql> SELECT
    -> SUM(data_length+index_length)/1048576 AS Total,
    -> SUM(data_length)/1048576 AS Data_MB,
    -> SUM(index_length)/1048576 AS Index_MB
    -> FROM information_schema.tables;
+--------+---------+----------+
| Total  | Data_MB | Index_MB |
+--------+---------+----------+
| 7.4973 |  4.8098 |   2.6875 |
+--------+---------+----------+
1 row in set (0.38 sec)

mysql> DESC INFORMATION_SCHEMA.Tables;
+-----------------+---------------------+------+-----+---------+-------+
| Field           | Type                | Null | Key | Default | Extra |
+-----------------+---------------------+------+-----+---------+-------+
| TABLE_CATALOG   | varchar(512)        | YES  |     | NULL    |       |
| TABLE_SCHEMA    | varchar(64)         | NO   |     |         |       |
| TABLE_NAME      | varchar(64)         | NO   |     |         |       |
| TABLE_TYPE      | varchar(64)         | NO   |     |         |       |
| ENGINE          | varchar(64)         | YES  |     | NULL    |       |
| VERSION         | bigint(21) unsigned | YES  |     | NULL    |       |
| ROW_FORMAT      | varchar(10)         | YES  |     | NULL    |       |
| TABLE_ROWS      | bigint(21) unsigned | YES  |     | NULL    |       |
| AVG_ROW_LENGTH  | bigint(21) unsigned | YES  |     | NULL    |       |
| DATA_LENGTH     | bigint(21) unsigned | YES  |     | NULL    |       |
| MAX_DATA_LENGTH | bigint(21) unsigned | YES  |     | NULL    |       |
| INDEX_LENGTH    | bigint(21) unsigned | YES  |     | NULL    |       |
| DATA_FREE       | bigint(21) unsigned | YES  |     | NULL    |       |
| AUTO_INCREMENT  | bigint(21) unsigned | YES  |     | NULL    |       |
| CREATE_TIME     | datetime            | YES  |     | NULL    |       |
| UPDATE_TIME     | datetime            | YES  |     | NULL    |       |
| CHECK_TIME      | datetime            | YES  |     | NULL    |       |
| TABLE_COLLATION | varchar(32)         | YES  |     | NULL    |       |
| CHECKSUM        | bigint(21) unsigned | YES  |     | NULL    |       |
| CREATE_OPTIONS  | varchar(255)        | YES  |     | NULL    |       |
| TABLE_COMMENT   | varchar(80)         | NO   |     |         |       |
+-----------------+---------------------+------+-----+---------+-------+
21 rows in set (0.00 sec)

mysql> show tables;
ERROR 1046 (3D000): No database selected
mysql> select TABLE_NAME FROM Information_SChema.Tables;
+---------------------------------------+
| TABLE_NAME                            |
+---------------------------------------+
| CHARACTER_SETS                        |
| COLLATIONS                            |
| COLLATION_CHARACTER_SET_APPLICABILITY |
| COLUMNS                               |
| COLUMN_PRIVILEGES                     |
| ENGINES                               |
| EVENTS                                |
| FILES                                 |
| GLOBAL_STATUS                         |
| GLOBAL_VARIABLES                      |
| KEY_COLUMN_USAGE                      |
| PARTITIONS                            |
| PLUGINS                               |
| PROCESSLIST                           |
| PROFILING                             |
| REFERENTIAL_CONSTRAINTS               |
| ROUTINES                              |
| SCHEMATA                              |
| SCHEMA_PRIVILEGES                     |
| SESSION_STATUS                        |
| SESSION_VARIABLES                     |
| STATISTICS                            |
| TABLES                                |
| TABLE_CONSTRAINTS                     |
| TABLE_PRIVILEGES                      |
| TRIGGERS                              |
| USER_PRIVILEGES                       |
| VIEWS                                 |
| Customers                             |
| Employees                             |
| Offices                               |
| OrderDetails                          |
| Orders                                |
| Payments                              |
| ProductLines                          |
| Products                              |
| columns_priv                          |
| db                                    |
| event                                 |
| func                                  |
| general_log                           |
| help_category                         |
| help_keyword                          |
| help_relation                         |
| help_topic                            |
| host                                  |
| ndb_binlog_index                      |
| plugin                                |
| proc                                  |
| procs_priv                            |
| servers                               |
| slow_log                              |
| tables_priv                           |
| time_zone                             |
| time_zone_leap_second                 |
| time_zone_name                        |
| time_zone_transition                  |
| time_zone_transition_type             |
| user                                  |
| actor                                 |
| actor_info                            |
| address                               |
| category                              |
| city                                  |
| country                               |
| customer                              |
| customer_list                         |
| film                                  |
| film_actor                            |
| film_category                         |
| film_list                             |
| film_text                             |
| inventory                             |
| language                              |
| nicer_but_slower_film_list            |
| payment                               |
| rental                                |
| sales_by_film_category                |
| sales_by_store                        |
| staff                                 |
| staff_list                            |
| store                                 |
+---------------------------------------+
82 rows in set (0.01 sec)

mysql> exit
Welcome to the MySQL monitor.  Commands end with ; or \g.
Your MySQL connection id is 1
Server version: 5.1.61 Source distribution

Copyright (c) 2000, 2011, Oracle and/or its affiliates. All rights reserved.

Oracle is a registered trademark of Oracle Corporation and/or its
affiliates. Other names may be trademarks of their respective
owners.

Type 'help;' or '\h' for help. Type '\c' to clear the current input statement.

mysql> DESC INFORMATION_SCHEMA.TABLES;
+-----------------+---------------------+------+-----+---------+-------+
| Field           | Type                | Null | Key | Default | Extra |
+-----------------+---------------------+------+-----+---------+-------+
| TABLE_CATALOG   | varchar(512)        | YES  |     | NULL    |       |
| TABLE_SCHEMA    | varchar(64)         | NO   |     |         |       |
| TABLE_NAME      | varchar(64)         | NO   |     |         |       |
| TABLE_TYPE      | varchar(64)         | NO   |     |         |       |
| ENGINE          | varchar(64)         | YES  |     | NULL    |       |
| VERSION         | bigint(21) unsigned | YES  |     | NULL    |       |
| ROW_FORMAT      | varchar(10)         | YES  |     | NULL    |       |
| TABLE_ROWS      | bigint(21) unsigned | YES  |     | NULL    |       |
| AVG_ROW_LENGTH  | bigint(21) unsigned | YES  |     | NULL    |       |
| DATA_LENGTH     | bigint(21) unsigned | YES  |     | NULL    |       |
| MAX_DATA_LENGTH | bigint(21) unsigned | YES  |     | NULL    |       |
| INDEX_LENGTH    | bigint(21) unsigned | YES  |     | NULL    |       |
| DATA_FREE       | bigint(21) unsigned | YES  |     | NULL    |       |
| AUTO_INCREMENT  | bigint(21) unsigned | YES  |     | NULL    |       |
| CREATE_TIME     | datetime            | YES  |     | NULL    |       |
| UPDATE_TIME     | datetime            | YES  |     | NULL    |       |
| CHECK_TIME      | datetime            | YES  |     | NULL    |       |
| TABLE_COLLATION | varchar(32)         | YES  |     | NULL    |       |
| CHECKSUM        | bigint(21) unsigned | YES  |     | NULL    |       |
| CREATE_OPTIONS  | varchar(255)        | YES  |     | NULL    |       |
| TABLE_COMMENT   | varchar(80)         | NO   |     |         |       |
+-----------------+---------------------+------+-----+---------+-------+
21 rows in set (0.00 sec)

mysql> select * FROM INFORMATION_SCHEMA.TABLES;
+---------------+--------------------+---------------------------------------+-------------+--------+---------+------------+------------+----------------+-------------+--------------------+--------------+-----------+----------------+---------------------+---------------------+---------------------+-------------------+----------+----------------+---------------------------------------------------+
| TABLE_CATALOG | TABLE_SCHEMA       | TABLE_NAME                            | TABLE_TYPE  | ENGINE | VERSION | ROW_FORMAT | TABLE_ROWS | AVG_ROW_LENGTH | DATA_LENGTH | MAX_DATA_LENGTH    | INDEX_LENGTH | DATA_FREE | AUTO_INCREMENT | CREATE_TIME         | UPDATE_TIME         | CHECK_TIME          | TABLE_COLLATION   | CHECKSUM | CREATE_OPTIONS | TABLE_COMMENT                                     |
+---------------+--------------------+---------------------------------------+-------------+--------+---------+------------+------------+----------------+-------------+--------------------+--------------+-----------+----------------+---------------------+---------------------+---------------------+-------------------+----------+----------------+---------------------------------------------------+
| NULL          | information_schema | CHARACTER_SETS                        | SYSTEM VIEW | MEMORY |      10 | Fixed      |       NULL |            384 |           0 |           16434816 |            0 |         0 |           NULL | 2012-06-15 18:37:17 | NULL                | NULL                | utf8_general_ci   |     NULL | max_rows=43690 |                                                   |
| NULL          | information_schema | COLLATIONS                            | SYSTEM VIEW | MEMORY |      10 | Fixed      |       NULL |            231 |           0 |           16704765 |            0 |         0 |           NULL | 2012-06-15 18:37:17 | NULL                | NULL                | utf8_general_ci   |     NULL | max_rows=72628 |                                                   |
| NULL          | information_schema | COLLATION_CHARACTER_SET_APPLICABILITY | SYSTEM VIEW | MEMORY |      10 | Fixed      |       NULL |            195 |           0 |           16357770 |            0 |         0 |           NULL | 2012-06-15 18:37:17 | NULL                | NULL                | utf8_general_ci   |     NULL | max_rows=86037 |                                                   |
| NULL          | information_schema | COLUMNS                               | SYSTEM VIEW | MyISAM |      10 | Dynamic    |       NULL |              0 |           0 |    281474976710655 |         1024 |         0 |           NULL | 2012-06-15 18:37:17 | 2012-06-15 18:37:17 | NULL                | utf8_general_ci   |     NULL | max_rows=4560  |                                                   |
| NULL          | information_schema | COLUMN_PRIVILEGES                     | SYSTEM VIEW | MEMORY |      10 | Fixed      |       NULL |           2565 |           0 |           16757145 |            0 |         0 |           NULL | 2012-06-15 18:37:17 | NULL                | NULL                | utf8_general_ci   |     NULL | max_rows=6540  |                                                   |
| NULL          | information_schema | ENGINES                               | SYSTEM VIEW | MEMORY |      10 | Fixed      |       NULL |            490 |           0 |           16574250 |            0 |         0 |           NULL | 2012-06-15 18:37:17 | NULL                | NULL                | utf8_general_ci   |     NULL | max_rows=34239 |                                                   |
| NULL          | information_schema | EVENTS                                | SYSTEM VIEW | MyISAM |      10 | Dynamic    |       NULL |              0 |           0 |    281474976710655 |         1024 |         0 |           NULL | 2012-06-15 18:37:17 | 2012-06-15 18:37:17 | NULL                | utf8_general_ci   |     NULL | max_rows=618   |                                                   |
| NULL          | information_schema | FILES                                 | SYSTEM VIEW | MEMORY |      10 | Fixed      |       NULL |           2677 |           0 |           16758020 |            0 |         0 |           NULL | 2012-06-15 18:37:17 | NULL                | NULL                | utf8_general_ci   |     NULL | max_rows=6267  |                                                   |
| NULL          | information_schema | GLOBAL_STATUS                         | SYSTEM VIEW | MEMORY |      10 | Fixed      |       NULL |           3268 |           0 |           16755036 |            0 |         0 |           NULL | 2012-06-15 18:37:17 | NULL                | NULL                | utf8_general_ci   |     NULL | max_rows=5133  |                                                   |
| NULL          | information_schema | GLOBAL_VARIABLES                      | SYSTEM VIEW | MEMORY |      10 | Fixed      |       NULL |           3268 |           0 |           16755036 |            0 |         0 |           NULL | 2012-06-15 18:37:17 | NULL                | NULL                | utf8_general_ci   |     NULL | max_rows=5133  |                                                   |
| NULL          | information_schema | KEY_COLUMN_USAGE                      | SYSTEM VIEW | MEMORY |      10 | Fixed      |       NULL |           4637 |           0 |           16762755 |            0 |         0 |           NULL | 2012-06-15 18:37:17 | NULL                | NULL                | utf8_general_ci   |     NULL | max_rows=3618  |                                                   |
| NULL          | information_schema | PARTITIONS                            | SYSTEM VIEW | MyISAM |      10 | Dynamic    |       NULL |              0 |           0 |    281474976710655 |         1024 |         0 |           NULL | 2012-06-15 18:37:17 | 2012-06-15 18:37:17 | NULL                | utf8_general_ci   |     NULL | max_rows=5612  |                                                   |
| NULL          | information_schema | PLUGINS                               | SYSTEM VIEW | MyISAM |      10 | Dynamic    |       NULL |              0 |           0 |    281474976710655 |         1024 |         0 |           NULL | 2012-06-15 18:37:17 | 2012-06-15 18:37:17 | NULL                | utf8_general_ci   |     NULL | max_rows=13025 |                                                   |
| NULL          | information_schema | PROCESSLIST                           | SYSTEM VIEW | MyISAM |      10 | Dynamic    |       NULL |              0 |           0 |    281474976710655 |         1024 |         0 |           NULL | 2012-06-15 18:37:17 | 2012-06-15 18:37:17 | NULL                | utf8_general_ci   |     NULL | max_rows=23899 |                                                   |
| NULL          | information_schema | PROFILING                             | SYSTEM VIEW | MEMORY |      10 | Fixed      |       NULL |            308 |           0 |           16562084 |            0 |         0 |           NULL | 2012-06-15 18:37:17 | NULL                | NULL                | utf8_general_ci   |     NULL | max_rows=54471 |                                                   |
| NULL          | information_schema | REFERENTIAL_CONSTRAINTS               | SYSTEM VIEW | MEMORY |      10 | Fixed      |       NULL |           4814 |           0 |           16767162 |            0 |         0 |           NULL | 2012-06-15 18:37:17 | NULL                | NULL                | utf8_general_ci   |     NULL | max_rows=3485  |                                                   |
| NULL          | information_schema | ROUTINES                              | SYSTEM VIEW | MyISAM |      10 | Dynamic    |       NULL |              0 |           0 |    281474976710655 |         1024 |         0 |           NULL | 2012-06-15 18:37:17 | 2012-06-15 18:37:17 | NULL                | utf8_general_ci   |     NULL | max_rows=588   |                                                   |
| NULL          | information_schema | SCHEMATA                              | SYSTEM VIEW | MEMORY |      10 | Fixed      |       NULL |           3464 |           0 |           16738048 |            0 |         0 |           NULL | 2012-06-15 18:37:17 | NULL                | NULL                | utf8_general_ci   |     NULL | max_rows=4843  |                                                   |
| NULL          | information_schema | SCHEMA_PRIVILEGES                     | SYSTEM VIEW | MEMORY |      10 | Fixed      |       NULL |           2179 |           0 |           16736899 |            0 |         0 |           NULL | 2012-06-15 18:37:17 | NULL                | NULL                | utf8_general_ci   |     NULL | max_rows=7699  |                                                   |
| NULL          | information_schema | SESSION_STATUS                        | SYSTEM VIEW | MEMORY |      10 | Fixed      |       NULL |           3268 |           0 |           16755036 |            0 |         0 |           NULL | 2012-06-15 18:37:17 | NULL                | NULL                | utf8_general_ci   |     NULL | max_rows=5133  |                                                   |
| NULL          | information_schema | SESSION_VARIABLES                     | SYSTEM VIEW | MEMORY |      10 | Fixed      |       NULL |           3268 |           0 |           16755036 |            0 |         0 |           NULL | 2012-06-15 18:37:17 | NULL                | NULL                | utf8_general_ci   |     NULL | max_rows=5133  |                                                   |
| NULL          | information_schema | STATISTICS                            | SYSTEM VIEW | MEMORY |      10 | Fixed      |       NULL |           2679 |           0 |           16770540 |            0 |         0 |           NULL | 2012-06-15 18:37:17 | NULL                | NULL                | utf8_general_ci   |     NULL | max_rows=6262  |                                                   |
| NULL          | information_schema | TABLES                                | SYSTEM VIEW | MEMORY |      10 | Fixed      |       NULL |           3545 |           0 |           16743035 |            0 |         0 |           NULL | 2012-06-15 18:37:17 | NULL                | NULL                | utf8_general_ci   |     NULL | max_rows=4732  |                                                   |
| NULL          | information_schema | TABLE_CONSTRAINTS                     | SYSTEM VIEW | MEMORY |      10 | Fixed      |       NULL |           2504 |           0 |           16721712 |            0 |         0 |           NULL | 2012-06-15 18:37:17 | NULL                | NULL                | utf8_general_ci   |     NULL | max_rows=6700  |                                                   |
| NULL          | information_schema | TABLE_PRIVILEGES                      | SYSTEM VIEW | MEMORY |      10 | Fixed      |       NULL |           2372 |           0 |           16748692 |            0 |         0 |           NULL | 2012-06-15 18:37:17 | NULL                | NULL                | utf8_general_ci   |     NULL | max_rows=7073  |                                                   |
| NULL          | information_schema | TRIGGERS                              | SYSTEM VIEW | MyISAM |      10 | Dynamic    |       NULL |              0 |           0 |    281474976710655 |         1024 |         0 |           NULL | 2012-06-15 18:37:17 | 2012-06-15 18:37:17 | NULL                | utf8_general_ci   |     NULL | max_rows=569   |                                                   |
| NULL          | information_schema | USER_PRIVILEGES                       | SYSTEM VIEW | MEMORY |      10 | Fixed      |       NULL |           1986 |           0 |           16726092 |            0 |         0 |           NULL | 2012-06-15 18:37:17 | NULL                | NULL                | utf8_general_ci   |     NULL | max_rows=8447  |                                                   |
| NULL          | information_schema | VIEWS                                 | SYSTEM VIEW | MyISAM |      10 | Dynamic    |       NULL |              0 |           0 |    281474976710655 |         1024 |         0 |           NULL | 2012-06-15 18:37:17 | 2012-06-15 18:37:17 | NULL                | utf8_general_ci   |     NULL | max_rows=6932  |                                                   |
| NULL          | classicmodels      | Customers                             | BASE TABLE  | MyISAM |      10 | Dynamic    |        122 |            114 |       13992 |    281474976710655 |         4096 |         0 |           NULL | 2012-06-15 18:14:00 | 2012-06-15 18:14:56 | NULL                | latin1_swedish_ci |     NULL |                |                                                   |
| NULL          | classicmodels      | Employees                             | BASE TABLE  | MyISAM |      10 | Dynamic    |         23 |             76 |        1764 |    281474976710655 |         2048 |         0 |           NULL | 2012-06-15 18:14:00 | 2012-06-15 18:14:56 | NULL                | latin1_swedish_ci |     NULL |                |                                                   |
| NULL          | classicmodels      | Offices                               | BASE TABLE  | MyISAM |      10 | Dynamic    |          7 |             77 |         540 |    281474976710655 |         2048 |         0 |           NULL | 2012-06-15 18:14:00 | 2012-06-15 18:14:56 | NULL                | latin1_swedish_ci |     NULL |                |                                                   |
| NULL          | classicmodels      | OrderDetails                          | BASE TABLE  | MyISAM |      10 | Dynamic    |       2996 |             32 |       95872 |    281474976710655 |        39936 |         0 |           NULL | 2012-06-15 18:14:00 | 2012-06-15 18:14:56 | NULL                | latin1_swedish_ci |     NULL |                |                                                   |
| NULL          | classicmodels      | Orders                                | BASE TABLE  | MyISAM |      10 | Dynamic    |        326 |             68 |       22204 |    281474976710655 |         6144 |         0 |           NULL | 2012-06-15 18:14:00 | 2012-06-15 18:15:30 | NULL                | latin1_swedish_ci |     NULL |                |                                                   |
| NULL          | classicmodels      | Payments                              | BASE TABLE  | MyISAM |      10 | Dynamic    |        273 |             35 |        9712 |    281474976710655 |         8192 |         0 |           NULL | 2012-06-15 18:14:00 | 2012-06-15 18:15:30 | NULL                | latin1_swedish_ci |     NULL |                |                                                   |
| NULL          | classicmodels      | ProductLines                          | BASE TABLE  | MyISAM |      10 | Dynamic    |          7 |            489 |        3424 |    281474976710655 |         2048 |         0 |           NULL | 2012-06-15 18:14:00 | 2012-06-15 18:15:30 | NULL                | latin1_swedish_ci |     NULL |                |                                                   |
| NULL          | classicmodels      | Products                              | BASE TABLE  | MyISAM |      10 | Dynamic    |        110 |            270 |       29800 |    281474976710655 |         4096 |         0 |           NULL | 2012-06-15 18:14:00 | 2012-06-15 18:15:30 | NULL                | latin1_swedish_ci |     NULL |                |                                                   |
| NULL          | mysql              | columns_priv                          | BASE TABLE  | MyISAM |      10 | Fixed      |          0 |              0 |           0 | 227994731135631359 |         4096 |         0 |           NULL | 2012-06-14 20:37:47 | 2012-06-14 20:37:47 | NULL                | utf8_bin          |     NULL |                | Column privileges                                 |
| NULL          | mysql              | db                                    | BASE TABLE  | MyISAM |      10 | Fixed      |          2 |            440 |         880 | 123848989752688639 |         5120 |         0 |           NULL | 2012-06-14 20:37:47 | 2012-06-14 20:37:48 | 2012-06-14 20:37:48 | utf8_bin          |     NULL |                | Database privileges                               |
| NULL          | mysql              | event                                 | BASE TABLE  | MyISAM |      10 | Dynamic    |          0 |              0 |           0 |    281474976710655 |         2048 |         0 |           NULL | 2012-06-14 20:37:48 | 2012-06-14 20:37:48 | NULL                | utf8_general_ci   |     NULL |                | Events                                            |
| NULL          | mysql              | func                                  | BASE TABLE  | MyISAM |      10 | Fixed      |          0 |              0 |           0 | 162974011515469823 |         1024 |         0 |           NULL | 2012-06-14 20:37:47 | 2012-06-14 20:37:47 | NULL                | utf8_bin          |     NULL |                | User defined functions                            |
| NULL          | mysql              | general_log                           | BASE TABLE  | CSV    |      10 | Dynamic    |          2 |              0 |           0 |                  0 |            0 |         0 |           NULL | NULL                | NULL                | NULL                | utf8_general_ci   |     NULL |                | General log                                       |
| NULL          | mysql              | help_category                         | BASE TABLE  | MyISAM |      10 | Fixed      |         38 |            581 |       22078 | 163536961468891135 |         3072 |         0 |           NULL | 2012-06-14 20:37:47 | 2012-06-14 20:57:13 | NULL                | utf8_general_ci   |     NULL |                | help categories                                   |
| NULL          | mysql              | help_keyword                          | BASE TABLE  | MyISAM |      10 | Fixed      |        451 |            197 |       88847 |  55450570411999231 |        16384 |         0 |           NULL | 2012-06-14 20:37:47 | 2012-06-14 20:57:13 | NULL                | utf8_general_ci   |     NULL |                | help keywords                                     |
| NULL          | mysql              | help_relation                         | BASE TABLE  | MyISAM |      10 | Fixed      |        990 |              9 |        8910 |   2533274790395903 |        17408 |         0 |           NULL | 2012-06-14 20:37:47 | 2012-06-14 20:57:13 | NULL                | utf8_general_ci   |     NULL |                | keyword-topic relation                            |
| NULL          | mysql              | help_topic                            | BASE TABLE  | MyISAM |      10 | Dynamic    |        507 |            866 |      439332 |    281474976710655 |        20480 |         0 |           NULL | 2012-06-14 20:37:47 | 2012-06-14 20:57:13 | NULL                | utf8_general_ci   |     NULL |                | help topics                                       |
| NULL          | mysql              | host                                  | BASE TABLE  | MyISAM |      10 | Fixed      |          0 |              0 |           0 | 110056715893866495 |         2048 |         0 |           NULL | 2012-06-14 20:37:47 | 2012-06-14 20:37:47 | NULL                | utf8_bin          |     NULL |                | Host privileges;  Merged with database privileges |
| NULL          | mysql              | ndb_binlog_index                      | BASE TABLE  | MyISAM |      10 | Dynamic    |          0 |              0 |           0 |    281474976710655 |         1024 |         0 |           NULL | 2012-06-14 20:37:48 | 2012-06-14 20:37:48 | NULL                | latin1_swedish_ci |     NULL |                |                                                   |
| NULL          | mysql              | plugin                                | BASE TABLE  | MyISAM |      10 | Fixed      |          0 |              0 |           0 | 162411061562048511 |         1024 |         0 |           NULL | 2012-06-14 20:37:47 | 2012-06-14 20:37:47 | NULL                | utf8_bin          |     NULL |                | MySQL plugins                                     |
| NULL          | mysql              | proc                                  | BASE TABLE  | MyISAM |      10 | Dynamic    |          6 |           1378 |        8268 |    281474976710655 |         4096 |         0 |           NULL | 2012-06-14 20:37:48 | 2012-06-15 06:18:45 | NULL                | utf8_general_ci   |     NULL |                | Stored Procedures                                 |
| NULL          | mysql              | procs_priv                            | BASE TABLE  | MyISAM |      10 | Fixed      |          0 |              0 |           0 | 239253730204057599 |         4096 |         0 |           NULL | 2012-06-14 20:37:48 | 2012-06-14 20:37:48 | NULL                | utf8_bin          |     NULL |                | Procedure privileges                              |
| NULL          | mysql              | servers                               | BASE TABLE  | MyISAM |      10 | Fixed      |          0 |              0 |           0 | 433752939111120895 |         1024 |         0 |           NULL | 2012-06-14 20:37:47 | 2012-06-14 20:37:47 | NULL                | utf8_general_ci   |     NULL |                | MySQL Foreign Servers table                       |
| NULL          | mysql              | slow_log                              | BASE TABLE  | CSV    |      10 | Dynamic    |          2 |              0 |           0 |                  0 |            0 |         0 |           NULL | NULL                | NULL                | NULL                | utf8_general_ci   |     NULL |                | Slow log                                          |
| NULL          | mysql              | tables_priv                           | BASE TABLE  | MyISAM |      10 | Fixed      |          0 |              0 |           0 | 239535205180768255 |         4096 |         0 |           NULL | 2012-06-14 20:37:47 | 2012-06-14 20:37:47 | NULL                | utf8_bin          |     NULL |                | Table privileges                                  |
| NULL          | mysql              | time_zone                             | BASE TABLE  | MyISAM |      10 | Fixed      |          0 |              0 |           0 |   1970324836974591 |         1024 |         0 |              1 | 2012-06-14 20:37:47 | 2012-06-14 20:37:47 | NULL                | utf8_general_ci   |     NULL |                | Time zones                                        |
| NULL          | mysql              | time_zone_leap_second                 | BASE TABLE  | MyISAM |      10 | Fixed      |          0 |              0 |           0 |   3659174697238527 |         1024 |         0 |           NULL | 2012-06-14 20:37:47 | 2012-06-14 20:37:47 | NULL                | utf8_general_ci   |     NULL |                | Leap seconds information for time zones           |
| NULL          | mysql              | time_zone_name                        | BASE TABLE  | MyISAM |      10 | Fixed      |          0 |              0 |           0 |  55450570411999231 |         1024 |         0 |           NULL | 2012-06-14 20:37:47 | 2012-06-14 20:37:47 | NULL                | utf8_general_ci   |     NULL |                | Time zone names                                   |
| NULL          | mysql              | time_zone_transition                  | BASE TABLE  | MyISAM |      10 | Fixed      |          0 |              0 |           0 |   4785074604081151 |         1024 |         0 |           NULL | 2012-06-14 20:37:47 | 2012-06-14 20:37:47 | NULL                | utf8_general_ci   |     NULL |                | Time zone transitions                             |
| NULL          | mysql              | time_zone_transition_type             | BASE TABLE  | MyISAM |      10 | Fixed      |          0 |              0 |           0 |  10696049115004927 |         1024 |         0 |           NULL | 2012-06-14 20:37:47 | 2012-06-14 20:37:47 | NULL                | utf8_general_ci   |     NULL |                | Time zone transition types                        |
| NULL          | mysql              | user                                  | BASE TABLE  | MyISAM |      10 | Dynamic    |          5 |             65 |         328 |    281474976710655 |         2048 |         0 |           NULL | 2012-06-14 20:37:47 | 2012-06-14 20:58:20 | NULL                | utf8_bin          |     NULL |                | Users and global privileges                       |
| NULL          | sakila             | actor                                 | BASE TABLE  | InnoDB |      10 | Compact    |        200 |             81 |       16384 |                  0 |        16384 |   5242880 |            201 | 2012-06-15 06:18:21 | NULL                | NULL                | utf8_general_ci   |     NULL |                |                                                   |
| NULL          | sakila             | actor_info                            | VIEW        | NULL   |    NULL | NULL       |       NULL |           NULL |        NULL |               NULL |         NULL |      NULL |           NULL | NULL                | NULL                | NULL                | NULL              |     NULL | NULL           | VIEW                                              |
| NULL          | sakila             | address                               | BASE TABLE  | InnoDB |      10 | Compact    |        589 |            139 |       81920 |                  0 |        16384 |   5242880 |            606 | 2012-06-15 06:18:21 | NULL                | NULL                | utf8_general_ci   |     NULL |                |                                                   |
| NULL          | sakila             | category                              | BASE TABLE  | InnoDB |      10 | Compact    |         16 |           1024 |       16384 |                  0 |            0 |   5242880 |             17 | 2012-06-15 06:18:21 | NULL                | NULL                | utf8_general_ci   |     NULL |                |                                                   |
| NULL          | sakila             | city                                  | BASE TABLE  | InnoDB |      10 | Compact    |        427 |            115 |       49152 |                  0 |        16384 |   5242880 |            601 | 2012-06-15 06:18:21 | NULL                | NULL                | utf8_general_ci   |     NULL |                |                                                   |
| NULL          | sakila             | country                               | BASE TABLE  | InnoDB |      10 | Compact    |        109 |            150 |       16384 |                  0 |            0 |   5242880 |            110 | 2012-06-15 06:18:21 | NULL                | NULL                | utf8_general_ci   |     NULL |                |                                                   |
| NULL          | sakila             | customer                              | BASE TABLE  | InnoDB |      10 | Compact    |        541 |            151 |       81920 |                  0 |        49152 |   5242880 |            600 | 2012-06-15 06:18:21 | NULL                | NULL                | utf8_general_ci   |     NULL |                |                                                   |
| NULL          | sakila             | customer_list                         | VIEW        | NULL   |    NULL | NULL       |       NULL |           NULL |        NULL |               NULL |         NULL |      NULL |           NULL | NULL                | NULL                | NULL                | NULL              |     NULL | NULL           | VIEW                                              |
| NULL          | sakila             | film                                  | BASE TABLE  | InnoDB |      10 | Compact    |        951 |            206 |      196608 |                  0 |        81920 |   5242880 |           1001 | 2012-06-15 06:18:21 | NULL                | NULL                | utf8_general_ci   |     NULL |                |                                                   |
| NULL          | sakila             | film_actor                            | BASE TABLE  | InnoDB |      10 | Compact    |       5143 |             38 |      196608 |                  0 |        81920 |   5242880 |           NULL | 2012-06-15 06:18:21 | NULL                | NULL                | utf8_general_ci   |     NULL |                |                                                   |
| NULL          | sakila             | film_category                         | BASE TABLE  | InnoDB |      10 | Compact    |        316 |            207 |       65536 |                  0 |        16384 |   5242880 |           NULL | 2012-06-15 06:18:21 | NULL                | NULL                | utf8_general_ci   |     NULL |                |                                                   |
| NULL          | sakila             | film_list                             | VIEW        | NULL   |    NULL | NULL       |       NULL |           NULL |        NULL |               NULL |         NULL |      NULL |           NULL | NULL                | NULL                | NULL                | NULL              |     NULL | NULL           | VIEW                                              |
| NULL          | sakila             | film_text                             | BASE TABLE  | MyISAM |      10 | Dynamic    |       1000 |            119 |      119616 |    281474976710655 |       205824 |         0 |           NULL | 2012-06-15 06:18:21 | 2012-06-15 06:19:16 | NULL                | utf8_general_ci   |     NULL |                |                                                   |
| NULL          | sakila             | inventory                             | BASE TABLE  | InnoDB |      10 | Compact    |       4673 |             38 |      180224 |                  0 |       196608 |   5242880 |           4582 | 2012-06-15 06:18:21 | NULL                | NULL                | utf8_general_ci   |     NULL |                |                                                   |
| NULL          | sakila             | language                              | BASE TABLE  | InnoDB |      10 | Compact    |          6 |           2730 |       16384 |                  0 |            0 |   5242880 |              7 | 2012-06-15 06:18:21 | NULL                | NULL                | utf8_general_ci   |     NULL |                |                                                   |
| NULL          | sakila             | nicer_but_slower_film_list            | VIEW        | NULL   |    NULL | NULL       |       NULL |           NULL |        NULL |               NULL |         NULL |      NULL |           NULL | NULL                | NULL                | NULL                | NULL              |     NULL | NULL           | VIEW                                              |
| NULL          | sakila             | payment                               | BASE TABLE  | InnoDB |      10 | Compact    |      15422 |            103 |     1589248 |                  0 |       638976 |   5242880 |          16050 | 2012-06-15 06:18:21 | NULL                | NULL                | utf8_general_ci   |     NULL |                |                                                   |
| NULL          | sakila             | rental                                | BASE TABLE  | InnoDB |      10 | Compact    |      16305 |             97 |     1589248 |                  0 |      1261568 |   5242880 |          16050 | 2012-06-15 06:18:21 | NULL                | NULL                | utf8_general_ci   |     NULL |                |                                                   |
| NULL          | sakila             | sales_by_film_category                | VIEW        | NULL   |    NULL | NULL       |       NULL |           NULL |        NULL |               NULL |         NULL |      NULL |           NULL | NULL                | NULL                | NULL                | NULL              |     NULL | NULL           | VIEW                                              |
| NULL          | sakila             | sales_by_store                        | VIEW        | NULL   |    NULL | NULL       |       NULL |           NULL |        NULL |               NULL |         NULL |      NULL |           NULL | NULL                | NULL                | NULL                | NULL              |     NULL | NULL           | VIEW                                              |
| NULL          | sakila             | staff                                 | BASE TABLE  | InnoDB |      10 | Compact    |          1 |          65536 |       65536 |                  0 |        32768 |   5242880 |              3 | 2012-06-15 06:18:21 | NULL                | NULL                | utf8_general_ci   |     NULL |                |                                                   |
| NULL          | sakila             | staff_list                            | VIEW        | NULL   |    NULL | NULL       |       NULL |           NULL |        NULL |               NULL |         NULL |      NULL |           NULL | NULL                | NULL                | NULL                | NULL              |     NULL | NULL           | VIEW                                              |
| NULL          | sakila             | store                                 | BASE TABLE  | InnoDB |      10 | Compact    |          2 |           8192 |       16384 |                  0 |        32768 |   5242880 |              3 | 2012-06-15 06:18:21 | NULL                | NULL                | utf8_general_ci   |     NULL |                |                                                   |
+---------------+--------------------+---------------------------------------+-------------+--------+---------+------------+------------+----------------+-------------+--------------------+--------------+-----------+----------------+---------------------+---------------------+---------------------+-------------------+----------+----------------+---------------------------------------------------+
82 rows in set (0.37 sec)

mysql> select * FROM INFORMATION_SCHEMA.TABLES;
+---------------+--------------------+---------------------------------------+-------------+--------+---------+------------+------------+----------------+-------------+--------------------+--------------+-----------+----------------+---------------------+---------------------+---------------------+-------------------+----------+----------------+---------------------------------------------------+
| TABLE_CATALOG | TABLE_SCHEMA       | TABLE_NAME                            | TABLE_TYPE  | ENGINE | VERSION | ROW_FORMAT | TABLE_ROWS | AVG_ROW_LENGTH | DATA_LENGTH | MAX_DATA_LENGTH    | INDEX_LENGTH | DATA_FREE | AUTO_INCREMENT | CREATE_TIME         | UPDATE_TIME         | CHECK_TIME          | TABLE_COLLATION   | CHECKSUM | CREATE_OPTIONS | TABLE_COMMENT                                     |
+---------------+--------------------+---------------------------------------+-------------+--------+---------+------------+------------+----------------+-------------+--------------------+--------------+-----------+----------------+---------------------+---------------------+---------------------+-------------------+----------+----------------+---------------------------------------------------+
| NULL          | information_schema | CHARACTER_SETS                        | SYSTEM VIEW | MEMORY |      10 | Fixed      |       NULL |            384 |           0 |           16434816 |            0 |         0 |           NULL | 2012-06-15 18:37:29 | NULL                | NULL                | utf8_general_ci   |     NULL | max_rows=43690 |                                                   |
| NULL          | information_schema | COLLATIONS                            | SYSTEM VIEW | MEMORY |      10 | Fixed      |       NULL |            231 |           0 |           16704765 |            0 |         0 |           NULL | 2012-06-15 18:37:29 | NULL                | NULL                | utf8_general_ci   |     NULL | max_rows=72628 |                                                   |
| NULL          | information_schema | COLLATION_CHARACTER_SET_APPLICABILITY | SYSTEM VIEW | MEMORY |      10 | Fixed      |       NULL |            195 |           0 |           16357770 |            0 |         0 |           NULL | 2012-06-15 18:37:29 | NULL                | NULL                | utf8_general_ci   |     NULL | max_rows=86037 |                                                   |
| NULL          | information_schema | COLUMNS                               | SYSTEM VIEW | MyISAM |      10 | Dynamic    |       NULL |              0 |           0 |    281474976710655 |         1024 |         0 |           NULL | 2012-06-15 18:37:29 | 2012-06-15 18:37:29 | NULL                | utf8_general_ci   |     NULL | max_rows=4560  |                                                   |
| NULL          | information_schema | COLUMN_PRIVILEGES                     | SYSTEM VIEW | MEMORY |      10 | Fixed      |       NULL |           2565 |           0 |           16757145 |            0 |         0 |           NULL | 2012-06-15 18:37:29 | NULL                | NULL                | utf8_general_ci   |     NULL | max_rows=6540  |                                                   |
| NULL          | information_schema | ENGINES                               | SYSTEM VIEW | MEMORY |      10 | Fixed      |       NULL |            490 |           0 |           16574250 |            0 |         0 |           NULL | 2012-06-15 18:37:29 | NULL                | NULL                | utf8_general_ci   |     NULL | max_rows=34239 |                                                   |
| NULL          | information_schema | EVENTS                                | SYSTEM VIEW | MyISAM |      10 | Dynamic    |       NULL |              0 |           0 |    281474976710655 |         1024 |         0 |           NULL | 2012-06-15 18:37:29 | 2012-06-15 18:37:29 | NULL                | utf8_general_ci   |     NULL | max_rows=618   |                                                   |
| NULL          | information_schema | FILES                                 | SYSTEM VIEW | MEMORY |      10 | Fixed      |       NULL |           2677 |           0 |           16758020 |            0 |         0 |           NULL | 2012-06-15 18:37:29 | NULL                | NULL                | utf8_general_ci   |     NULL | max_rows=6267  |                                                   |
| NULL          | information_schema | GLOBAL_STATUS                         | SYSTEM VIEW | MEMORY |      10 | Fixed      |       NULL |           3268 |           0 |           16755036 |            0 |         0 |           NULL | 2012-06-15 18:37:29 | NULL                | NULL                | utf8_general_ci   |     NULL | max_rows=5133  |                                                   |
| NULL          | information_schema | GLOBAL_VARIABLES                      | SYSTEM VIEW | MEMORY |      10 | Fixed      |       NULL |           3268 |           0 |           16755036 |            0 |         0 |           NULL | 2012-06-15 18:37:29 | NULL                | NULL                | utf8_general_ci   |     NULL | max_rows=5133  |                                                   |
| NULL          | information_schema | KEY_COLUMN_USAGE                      | SYSTEM VIEW | MEMORY |      10 | Fixed      |       NULL |           4637 |           0 |           16762755 |            0 |         0 |           NULL | 2012-06-15 18:37:29 | NULL                | NULL                | utf8_general_ci   |     NULL | max_rows=3618  |                                                   |
| NULL          | information_schema | PARTITIONS                            | SYSTEM VIEW | MyISAM |      10 | Dynamic    |       NULL |              0 |           0 |    281474976710655 |         1024 |         0 |           NULL | 2012-06-15 18:37:29 | 2012-06-15 18:37:29 | NULL                | utf8_general_ci   |     NULL | max_rows=5612  |                                                   |
| NULL          | information_schema | PLUGINS                               | SYSTEM VIEW | MyISAM |      10 | Dynamic    |       NULL |              0 |           0 |    281474976710655 |         1024 |         0 |           NULL | 2012-06-15 18:37:29 | 2012-06-15 18:37:29 | NULL                | utf8_general_ci   |     NULL | max_rows=13025 |                                                   |
| NULL          | information_schema | PROCESSLIST                           | SYSTEM VIEW | MyISAM |      10 | Dynamic    |       NULL |              0 |           0 |    281474976710655 |         1024 |         0 |           NULL | 2012-06-15 18:37:29 | 2012-06-15 18:37:29 | NULL                | utf8_general_ci   |     NULL | max_rows=23899 |                                                   |
| NULL          | information_schema | PROFILING                             | SYSTEM VIEW | MEMORY |      10 | Fixed      |       NULL |            308 |           0 |           16562084 |            0 |         0 |           NULL | 2012-06-15 18:37:29 | NULL                | NULL                | utf8_general_ci   |     NULL | max_rows=54471 |                                                   |
| NULL          | information_schema | REFERENTIAL_CONSTRAINTS               | SYSTEM VIEW | MEMORY |      10 | Fixed      |       NULL |           4814 |           0 |           16767162 |            0 |         0 |           NULL | 2012-06-15 18:37:29 | NULL                | NULL                | utf8_general_ci   |     NULL | max_rows=3485  |                                                   |
| NULL          | information_schema | ROUTINES                              | SYSTEM VIEW | MyISAM |      10 | Dynamic    |       NULL |              0 |           0 |    281474976710655 |         1024 |         0 |           NULL | 2012-06-15 18:37:29 | 2012-06-15 18:37:29 | NULL                | utf8_general_ci   |     NULL | max_rows=588   |                                                   |
| NULL          | information_schema | SCHEMATA                              | SYSTEM VIEW | MEMORY |      10 | Fixed      |       NULL |           3464 |           0 |           16738048 |            0 |         0 |           NULL | 2012-06-15 18:37:29 | NULL                | NULL                | utf8_general_ci   |     NULL | max_rows=4843  |                                                   |
| NULL          | information_schema | SCHEMA_PRIVILEGES                     | SYSTEM VIEW | MEMORY |      10 | Fixed      |       NULL |           2179 |           0 |           16736899 |            0 |         0 |           NULL | 2012-06-15 18:37:29 | NULL                | NULL                | utf8_general_ci   |     NULL | max_rows=7699  |                                                   |
| NULL          | information_schema | SESSION_STATUS                        | SYSTEM VIEW | MEMORY |      10 | Fixed      |       NULL |           3268 |           0 |           16755036 |            0 |         0 |           NULL | 2012-06-15 18:37:29 | NULL                | NULL                | utf8_general_ci   |     NULL | max_rows=5133  |                                                   |
| NULL          | information_schema | SESSION_VARIABLES                     | SYSTEM VIEW | MEMORY |      10 | Fixed      |       NULL |           3268 |           0 |           16755036 |            0 |         0 |           NULL | 2012-06-15 18:37:29 | NULL                | NULL                | utf8_general_ci   |     NULL | max_rows=5133  |                                                   |
| NULL          | information_schema | STATISTICS                            | SYSTEM VIEW | MEMORY |      10 | Fixed      |       NULL |           2679 |           0 |           16770540 |            0 |         0 |           NULL | 2012-06-15 18:37:29 | NULL                | NULL                | utf8_general_ci   |     NULL | max_rows=6262  |                                                   |
| NULL          | information_schema | TABLES                                | SYSTEM VIEW | MEMORY |      10 | Fixed      |       NULL |           3545 |           0 |           16743035 |            0 |         0 |           NULL | 2012-06-15 18:37:29 | NULL                | NULL                | utf8_general_ci   |     NULL | max_rows=4732  |                                                   |
| NULL          | information_schema | TABLE_CONSTRAINTS                     | SYSTEM VIEW | MEMORY |      10 | Fixed      |       NULL |           2504 |           0 |           16721712 |            0 |         0 |           NULL | 2012-06-15 18:37:29 | NULL                | NULL                | utf8_general_ci   |     NULL | max_rows=6700  |                                                   |
| NULL          | information_schema | TABLE_PRIVILEGES                      | SYSTEM VIEW | MEMORY |      10 | Fixed      |       NULL |           2372 |           0 |           16748692 |            0 |         0 |           NULL | 2012-06-15 18:37:29 | NULL                | NULL                | utf8_general_ci   |     NULL | max_rows=7073  |                                                   |
| NULL          | information_schema | TRIGGERS                              | SYSTEM VIEW | MyISAM |      10 | Dynamic    |       NULL |              0 |           0 |    281474976710655 |         1024 |         0 |           NULL | 2012-06-15 18:37:29 | 2012-06-15 18:37:29 | NULL                | utf8_general_ci   |     NULL | max_rows=569   |                                                   |
| NULL          | information_schema | USER_PRIVILEGES                       | SYSTEM VIEW | MEMORY |      10 | Fixed      |       NULL |           1986 |           0 |           16726092 |            0 |         0 |           NULL | 2012-06-15 18:37:29 | NULL                | NULL                | utf8_general_ci   |     NULL | max_rows=8447  |                                                   |
| NULL          | information_schema | VIEWS                                 | SYSTEM VIEW | MyISAM |      10 | Dynamic    |       NULL |              0 |           0 |    281474976710655 |         1024 |         0 |           NULL | 2012-06-15 18:37:29 | 2012-06-15 18:37:29 | NULL                | utf8_general_ci   |     NULL | max_rows=6932  |                                                   |
| NULL          | classicmodels      | Customers                             | BASE TABLE  | MyISAM |      10 | Dynamic    |        122 |            114 |       13992 |    281474976710655 |         4096 |         0 |           NULL | 2012-06-15 18:14:00 | 2012-06-15 18:14:56 | NULL                | latin1_swedish_ci |     NULL |                |                                                   |
| NULL          | classicmodels      | Employees                             | BASE TABLE  | MyISAM |      10 | Dynamic    |         23 |             76 |        1764 |    281474976710655 |         2048 |         0 |           NULL | 2012-06-15 18:14:00 | 2012-06-15 18:14:56 | NULL                | latin1_swedish_ci |     NULL |                |                                                   |
| NULL          | classicmodels      | Offices                               | BASE TABLE  | MyISAM |      10 | Dynamic    |          7 |             77 |         540 |    281474976710655 |         2048 |         0 |           NULL | 2012-06-15 18:14:00 | 2012-06-15 18:14:56 | NULL                | latin1_swedish_ci |     NULL |                |                                                   |
| NULL          | classicmodels      | OrderDetails                          | BASE TABLE  | MyISAM |      10 | Dynamic    |       2996 |             32 |       95872 |    281474976710655 |        39936 |         0 |           NULL | 2012-06-15 18:14:00 | 2012-06-15 18:14:56 | NULL                | latin1_swedish_ci |     NULL |                |                                                   |
| NULL          | classicmodels      | Orders                                | BASE TABLE  | MyISAM |      10 | Dynamic    |        326 |             68 |       22204 |    281474976710655 |         6144 |         0 |           NULL | 2012-06-15 18:14:00 | 2012-06-15 18:15:30 | NULL                | latin1_swedish_ci |     NULL |                |                                                   |
| NULL          | classicmodels      | Payments                              | BASE TABLE  | MyISAM |      10 | Dynamic    |        273 |             35 |        9712 |    281474976710655 |         8192 |         0 |           NULL | 2012-06-15 18:14:00 | 2012-06-15 18:15:30 | NULL                | latin1_swedish_ci |     NULL |                |                                                   |
| NULL          | classicmodels      | ProductLines                          | BASE TABLE  | MyISAM |      10 | Dynamic    |          7 |            489 |        3424 |    281474976710655 |         2048 |         0 |           NULL | 2012-06-15 18:14:00 | 2012-06-15 18:15:30 | NULL                | latin1_swedish_ci |     NULL |                |                                                   |
| NULL          | classicmodels      | Products                              | BASE TABLE  | MyISAM |      10 | Dynamic    |        110 |            270 |       29800 |    281474976710655 |         4096 |         0 |           NULL | 2012-06-15 18:14:00 | 2012-06-15 18:15:30 | NULL                | latin1_swedish_ci |     NULL |                |                                                   |
| NULL          | mysql              | columns_priv                          | BASE TABLE  | MyISAM |      10 | Fixed      |          0 |              0 |           0 | 227994731135631359 |         4096 |         0 |           NULL | 2012-06-14 20:37:47 | 2012-06-14 20:37:47 | NULL                | utf8_bin          |     NULL |                | Column privileges                                 |
| NULL          | mysql              | db                                    | BASE TABLE  | MyISAM |      10 | Fixed      |          2 |            440 |         880 | 123848989752688639 |         5120 |         0 |           NULL | 2012-06-14 20:37:47 | 2012-06-14 20:37:48 | 2012-06-14 20:37:48 | utf8_bin          |     NULL |                | Database privileges                               |
| NULL          | mysql              | event                                 | BASE TABLE  | MyISAM |      10 | Dynamic    |          0 |              0 |           0 |    281474976710655 |         2048 |         0 |           NULL | 2012-06-14 20:37:48 | 2012-06-14 20:37:48 | NULL                | utf8_general_ci   |     NULL |                | Events                                            |
| NULL          | mysql              | func                                  | BASE TABLE  | MyISAM |      10 | Fixed      |          0 |              0 |           0 | 162974011515469823 |         1024 |         0 |           NULL | 2012-06-14 20:37:47 | 2012-06-14 20:37:47 | NULL                | utf8_bin          |     NULL |                | User defined functions                            |
| NULL          | mysql              | general_log                           | BASE TABLE  | CSV    |      10 | Dynamic    |          2 |              0 |           0 |                  0 |            0 |         0 |           NULL | NULL                | NULL                | NULL                | utf8_general_ci   |     NULL |                | General log                                       |
| NULL          | mysql              | help_category                         | BASE TABLE  | MyISAM |      10 | Fixed      |         38 |            581 |       22078 | 163536961468891135 |         3072 |         0 |           NULL | 2012-06-14 20:37:47 | 2012-06-14 20:57:13 | NULL                | utf8_general_ci   |     NULL |                | help categories                                   |
| NULL          | mysql              | help_keyword                          | BASE TABLE  | MyISAM |      10 | Fixed      |        451 |            197 |       88847 |  55450570411999231 |        16384 |         0 |           NULL | 2012-06-14 20:37:47 | 2012-06-14 20:57:13 | NULL                | utf8_general_ci   |     NULL |                | help keywords                                     |
| NULL          | mysql              | help_relation                         | BASE TABLE  | MyISAM |      10 | Fixed      |        990 |              9 |        8910 |   2533274790395903 |        17408 |         0 |           NULL | 2012-06-14 20:37:47 | 2012-06-14 20:57:13 | NULL                | utf8_general_ci   |     NULL |                | keyword-topic relation                            |
| NULL          | mysql              | help_topic                            | BASE TABLE  | MyISAM |      10 | Dynamic    |        507 |            866 |      439332 |    281474976710655 |        20480 |         0 |           NULL | 2012-06-14 20:37:47 | 2012-06-14 20:57:13 | NULL                | utf8_general_ci   |     NULL |                | help topics                                       |
| NULL          | mysql              | host                                  | BASE TABLE  | MyISAM |      10 | Fixed      |          0 |              0 |           0 | 110056715893866495 |         2048 |         0 |           NULL | 2012-06-14 20:37:47 | 2012-06-14 20:37:47 | NULL                | utf8_bin          |     NULL |                | Host privileges;  Merged with database privileges |
| NULL          | mysql              | ndb_binlog_index                      | BASE TABLE  | MyISAM |      10 | Dynamic    |          0 |              0 |           0 |    281474976710655 |         1024 |         0 |           NULL | 2012-06-14 20:37:48 | 2012-06-14 20:37:48 | NULL                | latin1_swedish_ci |     NULL |                |                                                   |
| NULL          | mysql              | plugin                                | BASE TABLE  | MyISAM |      10 | Fixed      |          0 |              0 |           0 | 162411061562048511 |         1024 |         0 |           NULL | 2012-06-14 20:37:47 | 2012-06-14 20:37:47 | NULL                | utf8_bin          |     NULL |                | MySQL plugins                                     |
| NULL          | mysql              | proc                                  | BASE TABLE  | MyISAM |      10 | Dynamic    |          6 |           1378 |        8268 |    281474976710655 |         4096 |         0 |           NULL | 2012-06-14 20:37:48 | 2012-06-15 06:18:45 | NULL                | utf8_general_ci   |     NULL |                | Stored Procedures                                 |
| NULL          | mysql              | procs_priv                            | BASE TABLE  | MyISAM |      10 | Fixed      |          0 |              0 |           0 | 239253730204057599 |         4096 |         0 |           NULL | 2012-06-14 20:37:48 | 2012-06-14 20:37:48 | NULL                | utf8_bin          |     NULL |                | Procedure privileges                              |
| NULL          | mysql              | servers                               | BASE TABLE  | MyISAM |      10 | Fixed      |          0 |              0 |           0 | 433752939111120895 |         1024 |         0 |           NULL | 2012-06-14 20:37:47 | 2012-06-14 20:37:47 | NULL                | utf8_general_ci   |     NULL |                | MySQL Foreign Servers table                       |
| NULL          | mysql              | slow_log                              | BASE TABLE  | CSV    |      10 | Dynamic    |          2 |              0 |           0 |                  0 |            0 |         0 |           NULL | NULL                | NULL                | NULL                | utf8_general_ci   |     NULL |                | Slow log                                          |
| NULL          | mysql              | tables_priv                           | BASE TABLE  | MyISAM |      10 | Fixed      |          0 |              0 |           0 | 239535205180768255 |         4096 |         0 |           NULL | 2012-06-14 20:37:47 | 2012-06-14 20:37:47 | NULL                | utf8_bin          |     NULL |                | Table privileges                                  |
| NULL          | mysql              | time_zone                             | BASE TABLE  | MyISAM |      10 | Fixed      |          0 |              0 |           0 |   1970324836974591 |         1024 |         0 |              1 | 2012-06-14 20:37:47 | 2012-06-14 20:37:47 | NULL                | utf8_general_ci   |     NULL |                | Time zones                                        |
| NULL          | mysql              | time_zone_leap_second                 | BASE TABLE  | MyISAM |      10 | Fixed      |          0 |              0 |           0 |   3659174697238527 |         1024 |         0 |           NULL | 2012-06-14 20:37:47 | 2012-06-14 20:37:47 | NULL                | utf8_general_ci   |     NULL |                | Leap seconds information for time zones           |
| NULL          | mysql              | time_zone_name                        | BASE TABLE  | MyISAM |      10 | Fixed      |          0 |              0 |           0 |  55450570411999231 |         1024 |         0 |           NULL | 2012-06-14 20:37:47 | 2012-06-14 20:37:47 | NULL                | utf8_general_ci   |     NULL |                | Time zone names                                   |
| NULL          | mysql              | time_zone_transition                  | BASE TABLE  | MyISAM |      10 | Fixed      |          0 |              0 |           0 |   4785074604081151 |         1024 |         0 |           NULL | 2012-06-14 20:37:47 | 2012-06-14 20:37:47 | NULL                | utf8_general_ci   |     NULL |                | Time zone transitions                             |
| NULL          | mysql              | time_zone_transition_type             | BASE TABLE  | MyISAM |      10 | Fixed      |          0 |              0 |           0 |  10696049115004927 |         1024 |         0 |           NULL | 2012-06-14 20:37:47 | 2012-06-14 20:37:47 | NULL                | utf8_general_ci   |     NULL |                | Time zone transition types                        |
| NULL          | mysql              | user                                  | BASE TABLE  | MyISAM |      10 | Dynamic    |          5 |             65 |         328 |    281474976710655 |         2048 |         0 |           NULL | 2012-06-14 20:37:47 | 2012-06-14 20:58:20 | NULL                | utf8_bin          |     NULL |                | Users and global privileges                       |
| NULL          | sakila             | actor                                 | BASE TABLE  | InnoDB |      10 | Compact    |        200 |             81 |       16384 |                  0 |        16384 |   5242880 |            201 | 2012-06-15 06:18:21 | NULL                | NULL                | utf8_general_ci   |     NULL |                |                                                   |
| NULL          | sakila             | actor_info                            | VIEW        | NULL   |    NULL | NULL       |       NULL |           NULL |        NULL |               NULL |         NULL |      NULL |           NULL | NULL                | NULL                | NULL                | NULL              |     NULL | NULL           | VIEW                                              |
| NULL          | sakila             | address                               | BASE TABLE  | InnoDB |      10 | Compact    |        589 |            139 |       81920 |                  0 |        16384 |   5242880 |            606 | 2012-06-15 06:18:21 | NULL                | NULL                | utf8_general_ci   |     NULL |                |                                                   |
| NULL          | sakila             | category                              | BASE TABLE  | InnoDB |      10 | Compact    |         16 |           1024 |       16384 |                  0 |            0 |   5242880 |             17 | 2012-06-15 06:18:21 | NULL                | NULL                | utf8_general_ci   |     NULL |                |                                                   |
| NULL          | sakila             | city                                  | BASE TABLE  | InnoDB |      10 | Compact    |        427 |            115 |       49152 |                  0 |        16384 |   5242880 |            601 | 2012-06-15 06:18:21 | NULL                | NULL                | utf8_general_ci   |     NULL |                |                                                   |
| NULL          | sakila             | country                               | BASE TABLE  | InnoDB |      10 | Compact    |        109 |            150 |       16384 |                  0 |            0 |   5242880 |            110 | 2012-06-15 06:18:21 | NULL                | NULL                | utf8_general_ci   |     NULL |                |                                                   |
| NULL          | sakila             | customer                              | BASE TABLE  | InnoDB |      10 | Compact    |        541 |            151 |       81920 |                  0 |        49152 |   5242880 |            600 | 2012-06-15 06:18:21 | NULL                | NULL                | utf8_general_ci   |     NULL |                |                                                   |
| NULL          | sakila             | customer_list                         | VIEW        | NULL   |    NULL | NULL       |       NULL |           NULL |        NULL |               NULL |         NULL |      NULL |           NULL | NULL                | NULL                | NULL                | NULL              |     NULL | NULL           | VIEW                                              |
| NULL          | sakila             | film                                  | BASE TABLE  | InnoDB |      10 | Compact    |       1131 |            173 |      196608 |                  0 |        81920 |   5242880 |           1001 | 2012-06-15 06:18:21 | NULL                | NULL                | utf8_general_ci   |     NULL |                |                                                   |
| NULL          | sakila             | film_actor                            | BASE TABLE  | InnoDB |      10 | Compact    |       5538 |             35 |      196608 |                  0 |        81920 |   5242880 |           NULL | 2012-06-15 06:18:21 | NULL                | NULL                | utf8_general_ci   |     NULL |                |                                                   |
| NULL          | sakila             | film_category                         | BASE TABLE  | InnoDB |      10 | Compact    |        316 |            207 |       65536 |                  0 |        16384 |   5242880 |           NULL | 2012-06-15 06:18:21 | NULL                | NULL                | utf8_general_ci   |     NULL |                |                                                   |
| NULL          | sakila             | film_list                             | VIEW        | NULL   |    NULL | NULL       |       NULL |           NULL |        NULL |               NULL |         NULL |      NULL |           NULL | NULL                | NULL                | NULL                | NULL              |     NULL | NULL           | VIEW                                              |
| NULL          | sakila             | film_text                             | BASE TABLE  | MyISAM |      10 | Dynamic    |       1000 |            119 |      119616 |    281474976710655 |       205824 |         0 |           NULL | 2012-06-15 06:18:21 | 2012-06-15 06:19:16 | NULL                | utf8_general_ci   |     NULL |                |                                                   |
| NULL          | sakila             | inventory                             | BASE TABLE  | InnoDB |      10 | Compact    |       5007 |             35 |      180224 |                  0 |       196608 |   5242880 |           4582 | 2012-06-15 06:18:21 | NULL                | NULL                | utf8_general_ci   |     NULL |                |                                                   |
| NULL          | sakila             | language                              | BASE TABLE  | InnoDB |      10 | Compact    |          6 |           2730 |       16384 |                  0 |            0 |   5242880 |              7 | 2012-06-15 06:18:21 | NULL                | NULL                | utf8_general_ci   |     NULL |                |                                                   |
| NULL          | sakila             | nicer_but_slower_film_list            | VIEW        | NULL   |    NULL | NULL       |       NULL |           NULL |        NULL |               NULL |         NULL |      NULL |           NULL | NULL                | NULL                | NULL                | NULL              |     NULL | NULL           | VIEW                                              |
| NULL          | sakila             | payment                               | BASE TABLE  | InnoDB |      10 | Compact    |      15123 |            105 |     1589248 |                  0 |       638976 |   5242880 |          16050 | 2012-06-15 06:18:21 | NULL                | NULL                | utf8_general_ci   |     NULL |                |                                                   |
| NULL          | sakila             | rental                                | BASE TABLE  | InnoDB |      10 | Compact    |      15271 |            104 |     1589248 |                  0 |      1261568 |   5242880 |          16050 | 2012-06-15 06:18:21 | NULL                | NULL                | utf8_general_ci   |     NULL |                |                                                   |
| NULL          | sakila             | sales_by_film_category                | VIEW        | NULL   |    NULL | NULL       |       NULL |           NULL |        NULL |               NULL |         NULL |      NULL |           NULL | NULL                | NULL                | NULL                | NULL              |     NULL | NULL           | VIEW                                              |
| NULL          | sakila             | sales_by_store                        | VIEW        | NULL   |    NULL | NULL       |       NULL |           NULL |        NULL |               NULL |         NULL |      NULL |           NULL | NULL                | NULL                | NULL                | NULL              |     NULL | NULL           | VIEW                                              |
| NULL          | sakila             | staff                                 | BASE TABLE  | InnoDB |      10 | Compact    |          1 |          65536 |       65536 |                  0 |        32768 |   5242880 |              3 | 2012-06-15 06:18:21 | NULL                | NULL                | utf8_general_ci   |     NULL |                |                                                   |
| NULL          | sakila             | staff_list                            | VIEW        | NULL   |    NULL | NULL       |       NULL |           NULL |        NULL |               NULL |         NULL |      NULL |           NULL | NULL                | NULL                | NULL                | NULL              |     NULL | NULL           | VIEW                                              |
| NULL          | sakila             | store                                 | BASE TABLE  | InnoDB |      10 | Compact    |          2 |           8192 |       16384 |                  0 |        32768 |   5242880 |              3 | 2012-06-15 06:18:21 | NULL                | NULL                | utf8_general_ci   |     NULL |                |                                                   |
+---------------+--------------------+---------------------------------------+-------------+--------+---------+------------+------------+----------------+-------------+--------------------+--------------+-----------+----------------+---------------------+---------------------+---------------------+-------------------+----------+----------------+---------------------------------------------------+
82 rows in set (0.17 sec)

mysql> select TABLE* FROM INFORMATION_SCHEMA.TABLES;
ERROR 1064 (42000): You have an error in your SQL syntax; check the manual that corresponds to your MySQL server version for the right syntax to use near 'TABLE* FROM INFORMATION_SCHEMA.TABLES' at line 1
mysql> select TABLE_COMMENT FROM INFORMATION_SCHEMA.TABLES;
+---------------------------------------------------+
| TABLE_COMMENT                                     |
+---------------------------------------------------+
|                                                   |
|                                                   |
|                                                   |
|                                                   |
|                                                   |
|                                                   |
|                                                   |
|                                                   |
|                                                   |
|                                                   |
|                                                   |
|                                                   |
|                                                   |
|                                                   |
|                                                   |
|                                                   |
|                                                   |
|                                                   |
|                                                   |
|                                                   |
|                                                   |
|                                                   |
|                                                   |
|                                                   |
|                                                   |
|                                                   |
|                                                   |
|                                                   |
|                                                   |
|                                                   |
|                                                   |
|                                                   |
|                                                   |
|                                                   |
|                                                   |
|                                                   |
| Column privileges                                 |
| Database privileges                               |
| Events                                            |
| User defined functions                            |
| General log                                       |
| help categories                                   |
| help keywords                                     |
| keyword-topic relation                            |
| help topics                                       |
| Host privileges;  Merged with database privileges |
|                                                   |
| MySQL plugins                                     |
| Stored Procedures                                 |
| Procedure privileges                              |
| MySQL Foreign Servers table                       |
| Slow log                                          |
| Table privileges                                  |
| Time zones                                        |
| Leap seconds information for time zones           |
| Time zone names                                   |
| Time zone transitions                             |
| Time zone transition types                        |
| Users and global privileges                       |
|                                                   |
| VIEW                                              |
|                                                   |
|                                                   |
|                                                   |
|                                                   |
|                                                   |
| VIEW                                              |
|                                                   |
|                                                   |
|                                                   |
| VIEW                                              |
|                                                   |
|                                                   |
|                                                   |
| VIEW                                              |
|                                                   |
|                                                   |
| VIEW                                              |
| VIEW                                              |
|                                                   |
| VIEW                                              |
|                                                   |
+---------------------------------------------------+
82 rows in set (0.02 sec)

mysql> select TABLE_CATALOG, TABLE_SCHEMA, TABLE_NAME, TABLE_TYPE FROM INFORMATION_SCHEMA.TABLES;
+---------------+--------------------+---------------------------------------+-------------+
| TABLE_CATALOG | TABLE_SCHEMA       | TABLE_NAME                            | TABLE_TYPE  |
+---------------+--------------------+---------------------------------------+-------------+
| NULL          | information_schema | CHARACTER_SETS                        | SYSTEM VIEW |
| NULL          | information_schema | COLLATIONS                            | SYSTEM VIEW |
| NULL          | information_schema | COLLATION_CHARACTER_SET_APPLICABILITY | SYSTEM VIEW |
| NULL          | information_schema | COLUMNS                               | SYSTEM VIEW |
| NULL          | information_schema | COLUMN_PRIVILEGES                     | SYSTEM VIEW |
| NULL          | information_schema | ENGINES                               | SYSTEM VIEW |
| NULL          | information_schema | EVENTS                                | SYSTEM VIEW |
| NULL          | information_schema | FILES                                 | SYSTEM VIEW |
| NULL          | information_schema | GLOBAL_STATUS                         | SYSTEM VIEW |
| NULL          | information_schema | GLOBAL_VARIABLES                      | SYSTEM VIEW |
| NULL          | information_schema | KEY_COLUMN_USAGE                      | SYSTEM VIEW |
| NULL          | information_schema | PARTITIONS                            | SYSTEM VIEW |
| NULL          | information_schema | PLUGINS                               | SYSTEM VIEW |
| NULL          | information_schema | PROCESSLIST                           | SYSTEM VIEW |
| NULL          | information_schema | PROFILING                             | SYSTEM VIEW |
| NULL          | information_schema | REFERENTIAL_CONSTRAINTS               | SYSTEM VIEW |
| NULL          | information_schema | ROUTINES                              | SYSTEM VIEW |
| NULL          | information_schema | SCHEMATA                              | SYSTEM VIEW |
| NULL          | information_schema | SCHEMA_PRIVILEGES                     | SYSTEM VIEW |
| NULL          | information_schema | SESSION_STATUS                        | SYSTEM VIEW |
| NULL          | information_schema | SESSION_VARIABLES                     | SYSTEM VIEW |
| NULL          | information_schema | STATISTICS                            | SYSTEM VIEW |
| NULL          | information_schema | TABLES                                | SYSTEM VIEW |
| NULL          | information_schema | TABLE_CONSTRAINTS                     | SYSTEM VIEW |
| NULL          | information_schema | TABLE_PRIVILEGES                      | SYSTEM VIEW |
| NULL          | information_schema | TRIGGERS                              | SYSTEM VIEW |
| NULL          | information_schema | USER_PRIVILEGES                       | SYSTEM VIEW |
| NULL          | information_schema | VIEWS                                 | SYSTEM VIEW |
| NULL          | classicmodels      | Customers                             | BASE TABLE  |
| NULL          | classicmodels      | Employees                             | BASE TABLE  |
| NULL          | classicmodels      | Offices                               | BASE TABLE  |
| NULL          | classicmodels      | OrderDetails                          | BASE TABLE  |
| NULL          | classicmodels      | Orders                                | BASE TABLE  |
| NULL          | classicmodels      | Payments                              | BASE TABLE  |
| NULL          | classicmodels      | ProductLines                          | BASE TABLE  |
| NULL          | classicmodels      | Products                              | BASE TABLE  |
| NULL          | mysql              | columns_priv                          | BASE TABLE  |
| NULL          | mysql              | db                                    | BASE TABLE  |
| NULL          | mysql              | event                                 | BASE TABLE  |
| NULL          | mysql              | func                                  | BASE TABLE  |
| NULL          | mysql              | general_log                           | BASE TABLE  |
| NULL          | mysql              | help_category                         | BASE TABLE  |
| NULL          | mysql              | help_keyword                          | BASE TABLE  |
| NULL          | mysql              | help_relation                         | BASE TABLE  |
| NULL          | mysql              | help_topic                            | BASE TABLE  |
| NULL          | mysql              | host                                  | BASE TABLE  |
| NULL          | mysql              | ndb_binlog_index                      | BASE TABLE  |
| NULL          | mysql              | plugin                                | BASE TABLE  |
| NULL          | mysql              | proc                                  | BASE TABLE  |
| NULL          | mysql              | procs_priv                            | BASE TABLE  |
| NULL          | mysql              | servers                               | BASE TABLE  |
| NULL          | mysql              | slow_log                              | BASE TABLE  |
| NULL          | mysql              | tables_priv                           | BASE TABLE  |
| NULL          | mysql              | time_zone                             | BASE TABLE  |
| NULL          | mysql              | time_zone_leap_second                 | BASE TABLE  |
| NULL          | mysql              | time_zone_name                        | BASE TABLE  |
| NULL          | mysql              | time_zone_transition                  | BASE TABLE  |
| NULL          | mysql              | time_zone_transition_type             | BASE TABLE  |
| NULL          | mysql              | user                                  | BASE TABLE  |
| NULL          | sakila             | actor                                 | BASE TABLE  |
| NULL          | sakila             | actor_info                            | VIEW        |
| NULL          | sakila             | address                               | BASE TABLE  |
| NULL          | sakila             | category                              | BASE TABLE  |
| NULL          | sakila             | city                                  | BASE TABLE  |
| NULL          | sakila             | country                               | BASE TABLE  |
| NULL          | sakila             | customer                              | BASE TABLE  |
| NULL          | sakila             | customer_list                         | VIEW        |
| NULL          | sakila             | film                                  | BASE TABLE  |
| NULL          | sakila             | film_actor                            | BASE TABLE  |
| NULL          | sakila             | film_category                         | BASE TABLE  |
| NULL          | sakila             | film_list                             | VIEW        |
| NULL          | sakila             | film_text                             | BASE TABLE  |
| NULL          | sakila             | inventory                             | BASE TABLE  |
| NULL          | sakila             | language                              | BASE TABLE  |
| NULL          | sakila             | nicer_but_slower_film_list            | VIEW        |
| NULL          | sakila             | payment                               | BASE TABLE  |
| NULL          | sakila             | rental                                | BASE TABLE  |
| NULL          | sakila             | sales_by_film_category                | VIEW        |
| NULL          | sakila             | sales_by_store                        | VIEW        |
| NULL          | sakila             | staff                                 | BASE TABLE  |
| NULL          | sakila             | staff_list                            | VIEW        |
| NULL          | sakila             | store                                 | BASE TABLE  |
+---------------+--------------------+---------------------------------------+-------------+
82 rows in set (0.02 sec)

mysql> SELECT SUM(data_length+index_length)/1048576 AS Total, SUM(data_length)/1048576 AS Data_MB, SUM(index_length)/1048576 AS Index_MB FROM information_schema.tables WHERE table_schema='classicmodels';
+--------+---------+----------+
| Total  | Data_MB | Index_MB |
+--------+---------+----------+
| 0.2345 |  0.1691 |   0.0654 |
+--------+---------+----------+
1 row in set (0.03 sec)

mysql> select * from offices;
ERROR 1046 (3D000): No database selected
mysql> select * from Offices;
ERROR 1046 (3D000): No database selected
mysql> select * from classicmodels.Offices;
+------------+---------------+------------------+--------------------------+--------------+------------+-----------+------------+-----------+
| officeCode | city          | phone            | addressLine1             | addressLine2 | state      | country   | postalCode | territory |
+------------+---------------+------------------+--------------------------+--------------+------------+-----------+------------+-----------+
| 1          | San Francisco | +1 650 219 4782  | 100 Market Street        | Suite 300    | CA         | USA       | 94080      | NA        |
| 2          | Boston        | +1 215 837 0825  | 1550 Court Place         | Suite 102    | MA         | USA       | 02107      | NA        |
| 3          | NYC           | +1 212 555 3000  | 523 East 53rd Street     | apt. 5A      | NY         | USA       | 10022      | NA        |
| 4          | Paris         | +33 14 723 4404  | 43 Rue Jouffroy D'abbans | NULL         | NULL       | France    | 75017      | EMEA      |
| 5          | Tokyo         | +81 33 224 5000  | 4-1 Kioicho              | NULL         | Chiyoda-Ku | Japan     | 102-8578   | Japan     |
| 6          | Sydney        | +61 2 9264 2451  | 5-11 Wentworth Avenue    | Floor #2     | NULL       | Australia | NSW 2010   | APAC      |
| 7          | London        | +44 20 7877 2041 | 25 Old Broad Street      | Level 7      | NULL       | UK        | EC2N 1HN   | EMEA      |
+------------+---------------+------------------+--------------------------+--------------+------------+-----------+------------+-----------+
7 rows in set (0.01 sec)

mysql> DROP IF EXISTS WHERE INFORMATION_SCHEMA.TABLES.TABLE_SCHEMA=classicmodels;
ERROR 1064 (42000): You have an error in your SQL syntax; check the manual that corresponds to your MySQL server version for the right syntax to use near 'IF EXISTS WHERE INFORMATION_SCHEMA.TABLES.TABLE_SCHEMA=classicmodels' at line 1
mysql> DROP TABLE WHERE INFORMATION_SCHEMA.TABLES.TABLE_SCHEMA=classicmodels;
ERROR 1064 (42000): You have an error in your SQL syntax; check the manual that corresponds to your MySQL server version for the right syntax to use near 'WHERE INFORMATION_SCHEMA.TABLES.TABLE_SCHEMA=classicmodels' at line 1
mysql> DROP TABLE WHERE INFORMATION_SCHEMA.TABLES.TABLE_SCHEMA='classicmodels';
ERROR 1064 (42000): You have an error in your SQL syntax; check the manual that corresponds to your MySQL server version for the right syntax to use near 'WHERE INFORMATION_SCHEMA.TABLES.TABLE_SCHEMA='classicmodels'' at line 1
mysql> DROP TABLE * WHERE INFORMATION_SCHEMA.TABLES.TABLE_SCHEMA='classicmodels';
ERROR 1064 (42000): You have an error in your SQL syntax; check the manual that corresponds to your MySQL server version for the right syntax to use near '* WHERE INFORMATION_SCHEMA.TABLES.TABLE_SCHEMA='classicmodels'' at line 1
mysql> drop database classicmodels;
Query OK, 8 rows affected (0.07 sec)

mysql> select TABLE_CATALOG, TABLE_SCHEMA, TABLE_NAME, TABLE_TYPE FROM INFORMATION_SCHEMA.TABLES;
+---------------+--------------------+---------------------------------------+-------------+
| TABLE_CATALOG | TABLE_SCHEMA       | TABLE_NAME                            | TABLE_TYPE  |
+---------------+--------------------+---------------------------------------+-------------+
| NULL          | information_schema | CHARACTER_SETS                        | SYSTEM VIEW |
| NULL          | information_schema | COLLATIONS                            | SYSTEM VIEW |
| NULL          | information_schema | COLLATION_CHARACTER_SET_APPLICABILITY | SYSTEM VIEW |
| NULL          | information_schema | COLUMNS                               | SYSTEM VIEW |
| NULL          | information_schema | COLUMN_PRIVILEGES                     | SYSTEM VIEW |
| NULL          | information_schema | ENGINES                               | SYSTEM VIEW |
| NULL          | information_schema | EVENTS                                | SYSTEM VIEW |
| NULL          | information_schema | FILES                                 | SYSTEM VIEW |
| NULL          | information_schema | GLOBAL_STATUS                         | SYSTEM VIEW |
| NULL          | information_schema | GLOBAL_VARIABLES                      | SYSTEM VIEW |
| NULL          | information_schema | KEY_COLUMN_USAGE                      | SYSTEM VIEW |
| NULL          | information_schema | PARTITIONS                            | SYSTEM VIEW |
| NULL          | information_schema | PLUGINS                               | SYSTEM VIEW |
| NULL          | information_schema | PROCESSLIST                           | SYSTEM VIEW |
| NULL          | information_schema | PROFILING                             | SYSTEM VIEW |
| NULL          | information_schema | REFERENTIAL_CONSTRAINTS               | SYSTEM VIEW |
| NULL          | information_schema | ROUTINES                              | SYSTEM VIEW |
| NULL          | information_schema | SCHEMATA                              | SYSTEM VIEW |
| NULL          | information_schema | SCHEMA_PRIVILEGES                     | SYSTEM VIEW |
| NULL          | information_schema | SESSION_STATUS                        | SYSTEM VIEW |
| NULL          | information_schema | SESSION_VARIABLES                     | SYSTEM VIEW |
| NULL          | information_schema | STATISTICS                            | SYSTEM VIEW |
| NULL          | information_schema | TABLES                                | SYSTEM VIEW |
| NULL          | information_schema | TABLE_CONSTRAINTS                     | SYSTEM VIEW |
| NULL          | information_schema | TABLE_PRIVILEGES                      | SYSTEM VIEW |
| NULL          | information_schema | TRIGGERS                              | SYSTEM VIEW |
| NULL          | information_schema | USER_PRIVILEGES                       | SYSTEM VIEW |
| NULL          | information_schema | VIEWS                                 | SYSTEM VIEW |
| NULL          | mysql              | columns_priv                          | BASE TABLE  |
| NULL          | mysql              | db                                    | BASE TABLE  |
| NULL          | mysql              | event                                 | BASE TABLE  |
| NULL          | mysql              | func                                  | BASE TABLE  |
| NULL          | mysql              | general_log                           | BASE TABLE  |
| NULL          | mysql              | help_category                         | BASE TABLE  |
| NULL          | mysql              | help_keyword                          | BASE TABLE  |
| NULL          | mysql              | help_relation                         | BASE TABLE  |
| NULL          | mysql              | help_topic                            | BASE TABLE  |
| NULL          | mysql              | host                                  | BASE TABLE  |
| NULL          | mysql              | ndb_binlog_index                      | BASE TABLE  |
| NULL          | mysql              | plugin                                | BASE TABLE  |
| NULL          | mysql              | proc                                  | BASE TABLE  |
| NULL          | mysql              | procs_priv                            | BASE TABLE  |
| NULL          | mysql              | servers                               | BASE TABLE  |
| NULL          | mysql              | slow_log                              | BASE TABLE  |
| NULL          | mysql              | tables_priv                           | BASE TABLE  |
| NULL          | mysql              | time_zone                             | BASE TABLE  |
| NULL          | mysql              | time_zone_leap_second                 | BASE TABLE  |
| NULL          | mysql              | time_zone_name                        | BASE TABLE  |
| NULL          | mysql              | time_zone_transition                  | BASE TABLE  |
| NULL          | mysql              | time_zone_transition_type             | BASE TABLE  |
| NULL          | mysql              | user                                  | BASE TABLE  |
| NULL          | sakila             | actor                                 | BASE TABLE  |
| NULL          | sakila             | actor_info                            | VIEW        |
| NULL          | sakila             | address                               | BASE TABLE  |
| NULL          | sakila             | category                              | BASE TABLE  |
| NULL          | sakila             | city                                  | BASE TABLE  |
| NULL          | sakila             | country                               | BASE TABLE  |
| NULL          | sakila             | customer                              | BASE TABLE  |
| NULL          | sakila             | customer_list                         | VIEW        |
| NULL          | sakila             | film                                  | BASE TABLE  |
| NULL          | sakila             | film_actor                            | BASE TABLE  |
| NULL          | sakila             | film_category                         | BASE TABLE  |
| NULL          | sakila             | film_list                             | VIEW        |
| NULL          | sakila             | film_text                             | BASE TABLE  |
| NULL          | sakila             | inventory                             | BASE TABLE  |
| NULL          | sakila             | language                              | BASE TABLE  |
| NULL          | sakila             | nicer_but_slower_film_list            | VIEW        |
| NULL          | sakila             | payment                               | BASE TABLE  |
| NULL          | sakila             | rental                                | BASE TABLE  |
| NULL          | sakila             | sales_by_film_category                | VIEW        |
| NULL          | sakila             | sales_by_store                        | VIEW        |
| NULL          | sakila             | staff                                 | BASE TABLE  |
| NULL          | sakila             | staff_list                            | VIEW        |
| NULL          | sakila             | store                                 | BASE TABLE  |
+---------------+--------------------+---------------------------------------+-------------+
74 rows in set (0.01 sec)

mysql> exit
